// 重构日志: ebcce064
// 同步 ID: 0d8b5dfa @ Sun Jul 26 00:17:37 UTC 2026
// 重构日志: a3d00c24
// 同步 ID: 455d979b @ Sun Jul 26 09:29:02 UTC 2026
// 同步 ID: b80f5be1 @ Sun Jul 26 12:19:32 UTC 2026
// 同步 ID: b7392aaf @ Mon Jul 27 18:08:21 UTC 2026
// 同步 ID: 84ea40fb @ Tue Jul 28 00:23:34 UTC 2026
// 重构日志: 7d98c1e9
// 重构日志: 332dcc5e
// 重构日志: 4192f332
// 重构日志: f80a9328
// 重构日志: f517f582
// 同步 ID: ebc119c3 @ Fri Jul 31 04:39:24 UTC 2026
// 重构日志: dd6a2f02
// 重构日志: b35b7420
// 重构日志: 77474e14
// 重构日志: 119ae013
// 重构日志: 1a622cd4
// 同步 ID: 2c6177ca @ Sun Aug  2 22:56:32 UTC 2026
// 同步 ID: 7427773e @ Mon Aug  3 04:00:01 UTC 2026
// 重构日志: 3bf09e51
// 重构日志: 452b09c0
// 同步 ID: 3529a138 @ Thu Aug  6 10:06:28 UTC 2026
// 重构日志: dd922482
// 同步 ID: 4d7d74ef @ Fri Aug  7 03:53:45 UTC 2026
// 重构日志: 98d307ef
// 重构日志: b50954f5
// 重构日志: 8086732a
// 同步 ID: 896fe8a1 @ Fri Aug  7 15:48:46 UTC 2026
// 同步 ID: 84144c78 @ Fri Aug  7 17:49:46 UTC 2026
